// Jest Snapshot v1, https://goo.gl/fbAQLP

exports[`ConditionalExpression boolean-condition 1`] = `
"; ModuleID = 'conditional-expression/boolean-condition.ts'
source_filename = \\"conditional-expression/boolean-condition.ts\\"
target datalayout = \\"e-m:e-p:32:32-i64:64-n32:64-S128\\"
target triple = \\"wasm32-unknown-unknown\\"

%class.Math = type { i1 }

@Array_name = private unnamed_addr constant [6 x i8] c\\"Array\\\\00\\"
@Array_type_descriptor = private constant { [6 x i8]* } { [6 x i8]* @Array_name }
@Math_name = private unnamed_addr constant [5 x i8] c\\"Math\\\\00\\"
@Math_type_descriptor = private constant { [5 x i8]* } { [5 x i8]* @Math_name }
@Math_object = private constant %class.Math zeroinitializer
@Math_ptr = private constant %class.Math* @Math_object

define void @_booleanConditionalExpression(i1 %condition) {
entry:
  %condition.addr = alloca i1, align 1
  store i1 %condition, i1* %condition.addr, align 1
  %condition.addr1 = load i1, i1* %condition.addr, align 1
  %cond = select i1 %condition.addr1, i1 true, i1 false
  %condition.addr2 = load i1, i1* %condition.addr, align 1
  %cond3 = select i1 %condition.addr2, i32 1, i32 2
  %condition.addr4 = load i1, i1* %condition.addr, align 1
  %cond5 = select i1 %condition.addr4, double 1.000000e+00, double 2.000000e+00
  ret void
}
"
`;

exports[`ConditionalExpression implicit-cast-of-when-false-error 1`] = `
"__tests__/code-generation/cases/conditional-expression/implicit-cast-of-when-false-error.ts(4,29): error TS1000021: Unsupported implicit cast of conditional case with type 'int' to the type '2.0 | 1' of the whole conditional expression. An explicit cast of the conditional case to the type '2.0 | 1' is required.
"
`;

exports[`ConditionalExpression implicit-cast-of-when-true-error 1`] = `
"__tests__/code-generation/cases/conditional-expression/implicit-cast-of-when-true-error.ts(4,28): error TS1000021: Unsupported implicit cast of conditional case with type 'number' to the type '1 | 2.0' of the whole conditional expression. An explicit cast of the conditional case to the type '1 | 2.0' is required.
"
`;

exports[`ConditionalExpression int-condition 1`] = `
"; ModuleID = 'conditional-expression/int-condition.ts'
source_filename = \\"conditional-expression/int-condition.ts\\"
target datalayout = \\"e-m:e-p:32:32-i64:64-n32:64-S128\\"
target triple = \\"wasm32-unknown-unknown\\"

%class.Math = type { i1 }

@Array_name = private unnamed_addr constant [6 x i8] c\\"Array\\\\00\\"
@Array_type_descriptor = private constant { [6 x i8]* } { [6 x i8]* @Array_name }
@Math_name = private unnamed_addr constant [5 x i8] c\\"Math\\\\00\\"
@Math_type_descriptor = private constant { [5 x i8]* } { [5 x i8]* @Math_name }
@Math_object = private constant %class.Math zeroinitializer
@Math_ptr = private constant %class.Math* @Math_object

define void @_intConditionalExpression(i32 %condition) {
entry:
  %condition.addr = alloca i32, align 4
  store i32 %condition, i32* %condition.addr, align 4
  %condition.addr1 = load i32, i32* %condition.addr, align 4
  %condition.addr1AsBool = icmp ne i32 %condition.addr1, 0
  %cond = select i1 %condition.addr1AsBool, i1 true, i1 false
  %condition.addr2 = load i32, i32* %condition.addr, align 4
  %condition.addr2AsBool = icmp ne i32 %condition.addr2, 0
  %cond3 = select i1 %condition.addr2AsBool, i32 1, i32 2
  %condition.addr4 = load i32, i32* %condition.addr, align 4
  %condition.addr4AsBool = icmp ne i32 %condition.addr4, 0
  %cond5 = select i1 %condition.addr4AsBool, double 1.000000e+00, double 2.000000e+00
  ret void
}
"
`;

exports[`ConditionalExpression number-condition 1`] = `
"; ModuleID = 'conditional-expression/number-condition.ts'
source_filename = \\"conditional-expression/number-condition.ts\\"
target datalayout = \\"e-m:e-p:32:32-i64:64-n32:64-S128\\"
target triple = \\"wasm32-unknown-unknown\\"

%class.Math = type { i1 }

@Array_name = private unnamed_addr constant [6 x i8] c\\"Array\\\\00\\"
@Array_type_descriptor = private constant { [6 x i8]* } { [6 x i8]* @Array_name }
@Math_name = private unnamed_addr constant [5 x i8] c\\"Math\\\\00\\"
@Math_type_descriptor = private constant { [5 x i8]* } { [5 x i8]* @Math_name }
@Math_object = private constant %class.Math zeroinitializer
@Math_ptr = private constant %class.Math* @Math_object

define void @_intConditionalExpression(double %condition) {
entry:
  %condition.addr = alloca double, align 8
  store double %condition, double* %condition.addr, align 8
  %condition.addr1 = load double, double* %condition.addr, align 8
  %condition.addr1AsBool = fcmp one double %condition.addr1, 0.000000e+00
  %cond = select i1 %condition.addr1AsBool, i1 true, i1 false
  %condition.addr2 = load double, double* %condition.addr, align 8
  %condition.addr2AsBool = fcmp one double %condition.addr2, 0.000000e+00
  %cond3 = select i1 %condition.addr2AsBool, i32 1, i32 2
  %condition.addr4 = load double, double* %condition.addr, align 8
  %condition.addr4AsBool = fcmp one double %condition.addr4, 0.000000e+00
  %cond5 = select i1 %condition.addr4AsBool, double 1.000000e+00, double 2.000000e+00
  ret void
}
"
`;

exports[`ConditionalExpression object-condition 1`] = `
"; ModuleID = 'conditional-expression/object-condition.ts'
source_filename = \\"conditional-expression/object-condition.ts\\"
target datalayout = \\"e-m:e-p:32:32-i64:64-n32:64-S128\\"
target triple = \\"wasm32-unknown-unknown\\"

%class.Math = type { i1 }
%class.Test = type { i1 }

@Array_name = private unnamed_addr constant [6 x i8] c\\"Array\\\\00\\"
@Array_type_descriptor = private constant { [6 x i8]* } { [6 x i8]* @Array_name }
@Math_name = private unnamed_addr constant [5 x i8] c\\"Math\\\\00\\"
@Math_type_descriptor = private constant { [5 x i8]* } { [5 x i8]* @Math_name }
@Math_object = private constant %class.Math zeroinitializer
@Math_ptr = private constant %class.Math* @Math_object
@Test_name = private unnamed_addr constant [5 x i8] c\\"Test\\\\00\\"
@Test_type_descriptor = private constant { [5 x i8]* } { [5 x i8]* @Test_name }

define void @_objectConditionalExpression(%class.Test* %condition) {
entry:
  %y = alloca %class.Test*, align 4
  %x = alloca %class.Test*, align 4
  %condition.addr = alloca %class.Test*, align 4
  store %class.Test* %condition, %class.Test** %condition.addr, align 4
  %constructorReturnValue = call dereferenceable(1) %class.Test* @\\"conditional_expression/object_condition.ts$Test$11constructor\\"()
  store %class.Test* %constructorReturnValue, %class.Test** %x, align 4
  %constructorReturnValue1 = call dereferenceable(1) %class.Test* @\\"conditional_expression/object_condition.ts$Test$11constructor\\"()
  store %class.Test* %constructorReturnValue1, %class.Test** %y, align 4
  %condition.addr2 = load %class.Test*, %class.Test** %condition.addr, align 4
  %condition.addr2AsBool = icmp ne %class.Test* %condition.addr2, null
  %x3 = load %class.Test*, %class.Test** %x, align 4
  %y4 = load %class.Test*, %class.Test** %y, align 4
  %cond = select i1 %condition.addr2AsBool, %class.Test* %x3, %class.Test* %y4
  ret void
}

define linkonce_odr %class.Test* @\\"conditional_expression/object_condition.ts$Test$11constructor\\"() {
entry:
  %\\"thisVoid*\\" = call i8* @malloc(i32 1)
  %this = bitcast i8* %\\"thisVoid*\\" to %class.Test*
  ret %class.Test* %this
}

declare i8* @malloc(i32)

declare void @speedyJsGc()
"
`;
